// Jest Snapshot v1, https://goo.gl/fbAQLP

exports[`App render correctly 1`] = `
<Layout>
  <Content
    style={
      Object {
        "minHeight": "100vh",
        "padding": "30px",
      }
    }
  >
    <HashRouter>
      <Switch>
        <Route
          exact={true}
          path="/home"
        >
          <Menu />
          <Home />
        </Route>
        <Route
          path="/pokemon/:pokemonId"
        >
          <Menu />
          <PokemonDetails />
        </Route>
        <Route
          exact={true}
          path="/pokedex"
        >
          <Menu />
          <Pokedex />
        </Route>
        <Route>
          <Redirect
            to="/home"
          />
        </Route>
      </Switch>
    </HashRouter>
  </Content>
</Layout>
`;
